SQL> SELECT * FROM DUAL
  2  ;

D                                                                               
-                                                                               
X                                                                               

SQL> SELECT * FROM DUAL;

D                                                                               
-                                                                               
X                                                                               

SQL> DESCRIBE DUAL
 Name                                      Null?    Type
 ----------------------------------------- -------- ----------------------------
 DUMMY                                              VARCHAR2(1)

SQL> SISDATE
SP2-0042: unknown command "SISDATE" - rest of line ignored.
SQL> SYSDATE
SP2-0042: unknown command "SYSDATE" - rest of line ignored.
SQL> SELECT SYSDATE FROM DUAL;

SYSDATE                                                                         
---------                                                                       
08-NOV-17                                                                       

SQL> SELECT CURRENT_DATE FROM DUAL;

CURRENT_D                                                                       
---------                                                                       
08-NOV-17                                                                       

SQL> SELECT TO_CHAR(SYSDATE, 'HH:MM:SS') FROM DUAL;

TO_CHAR(                                                                        
--------                                                                        
01:11:25                                                                        

SQL> SELECT TO_CHAR(SYSDATE, 'HH:MI:SS') FROM DUAL;

TO_CHAR(                                                                        
--------                                                                        
01:17:04                                                                        

SQL> SELECT TO_CHAR(SYSDATE, 'DDD') FROM DUAL;

TO_                                                                             
---                                                                             
312                                                                             

SQL> SELECT TO_CHAR(SYSDATE, 'WW') FROM DUAL;

TO                                                                              
--                                                                              
45                                                                              

SQL> SELECT LOWER(P) FROM PROFESOR
  2  ;

LOWER(P)                                                                        
------------------------------------------------------------                    
juan                                                                            
carlos                                                                          
carlos                                                                          
carlos                                                                          
ivan                                                                            
carmen                                                                          
mario                                                                           
francisco                                                                       
angelo                                                                          
david                                                                           
soledad                                                                         

LOWER(P)                                                                        
------------------------------------------------------------                    
jose manuel                                                                     

12 rows selected.

SQL> SELECT LENGTH(P) FROM PROFESOR
  2  ;

 LENGTH(P)                                                                      
----------                                                                      
         4                                                                      
         6                                                                      
         6                                                                      
         6                                                                      
         4                                                                      
         6                                                                      
         5                                                                      
         9                                                                      
         6                                                                      
         5                                                                      
         7                                                                      

 LENGTH(P)                                                                      
----------                                                                      
        11                                                                      

12 rows selected.

SQL> SELECT SYSDATE-TO_DATE('13-MA-97') FROM DUAL;
SELECT SYSDATE-TO_DATE('13-MA-97') FROM DUAL
                       *
ERROR at line 1:
ORA-01843: not a valid month 


SQL> SELECT SYSDATE-TO_DATE('13-MAR-97') FROM DUAL;

SYSDATE-TO_DATE('13-MAR-97')                                                    
----------------------------                                                    
                  7545.55789                                                    

SQL> SELECT ROUND(SYSDATE-TO_DATE('13-MAR-97')) FROM DUAL;

ROUND(SYSDATE-TO_DATE('13-MAR-97'))                                             
-----------------------------------                                             
                               7546                                             

SQL> SELECT  A
  2  FROM ASIGNATURA NATURAL_JOIN AREA
  3  WHERE AR LIKE 'A%';
FROM ASIGNATURA NATURAL_JOIN AREA
                             *
ERROR at line 2:
ORA-00933: SQL command not properly ended 


SQL> SELECT  A
  2  FROM ASIGNATURA NATURAL JOIN AREA
  3  WHERE AR LIKE 'A%';

no rows selected

SQL> SELECT A FROM ASIGNATURA
  2  WHERE AR FROM AREA
  3  LIKE 'A&';
WHERE AR FROM AREA
         *
ERROR at line 2:
ORA-00920: invalid relational operator 


SQL> SELECT A FROM ASIGNATURA
  2  WHERE AR NATURAL JOIN AREA
  3  LIKE 'A&';
WHERE AR NATURAL JOIN AREA
         *
ERROR at line 2:
ORA-00920: invalid relational operator 


SQL> SELECT A FROM ASIGNATURA
  2  NATURAL JOIN AREA
  3  WHERE AR LIKE 'A%'
  4  :
  5  ;
:
*
ERROR at line 4:
ORA-00933: SQL command not properly ended 


SQL> SELECT A FROM ASIGNATURA
  2  NATURAL JOIN AREA
  3  WHERE AR LIKE 'A%'
  4  ;

no rows selected

SQL> SELECT 3 FROM AREA;

         3                                                                      
----------                                                                      
         3                                                                      
         3                                                                      
         3                                                                      
         3                                                                      
         3                                                                      
         3                                                                      
         3                                                                      
         3                                                                      

8 rows selected.

SQL> SELECT * FROM AREA;

       CAR AR                                                                   
---------- ------------------------------------------------------------         
        CD                                                                      
----------                                                                      
         1 ALGEBRA                                                              
         4                                                                      
                                                                                
         2 ANALISIS MATEMATICO                                                  
         1                                                                      
                                                                                
         3 ASTRONOMIA Y ASTROFISICA                                             
         2                                                                      
                                                                                

       CAR AR                                                                   
---------- ------------------------------------------------------------         
        CD                                                                      
----------                                                                      
         4 CIENCIAS DE LA COMPUTACION E INTELIGENCIA ARTIFICIAL                 
         3                                                                      
                                                                                
         5 DIDACTICA DE LA MATEMATICA                                           
         1                                                                      
                                                                                
         6 ESTADISTICA E INVESTIGACION OPERATIVA                                
         3                                                                      
                                                                                

       CAR AR                                                                   
---------- ------------------------------------------------------------         
        CD                                                                      
----------                                                                      
         7 LENGUAJES Y SISTEMAS INFORMATICOS                                    
         3                                                                      
                                                                                
         8 MATEMATICA APLICADA                                                  
         1                                                                      
                                                                                

8 rows selected.

SQL> SELECT * FROM ASIGNATURA;

no rows selected

SQL> SELECT DNI FROM PROFESOR
  2  WHERE P LIKE '**R%';

no rows selected

SQL> SELECT * FROM PROFESOR;

       DNI P                                                                    
---------- ------------------------------------------------------------         
       CAR CAT                                                                  
---------- -----                                                                
      1111 JUAN                                                                 
         6 CU                                                                   
                                                                                
      2222 CARLOS                                                               
         7 TU                                                                   
                                                                                
      3333 CARLOS                                                               
         4 TEU                                                                  
                                                                                

       DNI P                                                                    
---------- ------------------------------------------------------------         
       CAR CAT                                                                  
---------- -----                                                                
      4444 CARLOS                                                               
         7 TU                                                                   
                                                                                
      5555 IVAN                                                                 
         1 CEU                                                                  
                                                                                
      6666 CARMEN                                                               
         3 CD                                                                   
                                                                                

       DNI P                                                                    
---------- ------------------------------------------------------------         
       CAR CAT                                                                  
---------- -----                                                                
      7777 MARIO                                                                
         2 TU                                                                   
                                                                                
      8888 FRANCISCO                                                            
         5 TU                                                                   
                                                                                
      9999 ANGELO                                                               
         8 TEU                                                                  
                                                                                

       DNI P                                                                    
---------- ------------------------------------------------------------         
       CAR CAT                                                                  
---------- -----                                                                
      1010 DAVID                                                                
         4 TU                                                                   
                                                                                
      2020 SOLEDAD                                                              
         7 CU                                                                   
                                                                                
      3030 JOSE MANUEL                                                          
         6 TEU                                                                  
                                                                                

12 rows selected.

SQL> SELECT DNI FROM PROFESOR
  2  WHERE P A LIKE '**R%';
WHERE P A LIKE '**R%'
        *
ERROR at line 2:
ORA-00920: invalid relational operator 


SQL> SELECT DNI FROM PROFESOR
  2  WHERE P LIKE '__R%';

       DNI                                                                      
----------                                                                      
      2222                                                                      
      3333                                                                      
      4444                                                                      
      6666                                                                      
      7777                                                                      

SQL> SELECT DNI FROM PROFESOR
  2  WHERE LENGTH(P) < 6;

       DNI                                                                      
----------                                                                      
      1111                                                                      
      5555                                                                      
      7777                                                                      
      1010                                                                      

SQL> SELECT DNI FROM PROFESOR
  2  WHERE LENGTH(P) >= 5;

       DNI                                                                      
----------                                                                      
      2222                                                                      
      3333                                                                      
      4444                                                                      
      6666                                                                      
      7777                                                                      
      8888                                                                      
      9999                                                                      
      1010                                                                      
      2020                                                                      
      3030                                                                      

10 rows selected.

SQL> SPOOL OFF
